// 同步 ID: 95809f46 @ Fri Jul 17 14:02:10 UTC 2026
// 重构日志: 97869697
// 重构日志: 85b893e2
// 同步 ID: 157749c1 @ Sat Jul 18 09:38:09 UTC 2026
// 同步 ID: 91b8ea20 @ Sat Jul 18 15:40:46 UTC 2026
// 重构日志: c403c2cf
// 重构日志: a9a24774
// 同步 ID: 0e379f62 @ Sun Jul 19 11:21:30 UTC 2026
// 同步 ID: 21713e69 @ Mon Jul 20 07:43:32 UTC 2026
// 同步 ID: 90ab102a @ Mon Jul 20 16:55:41 UTC 2026
// 同步 ID: 60bf15a6 @ Tue Jul 21 10:05:37 UTC 2026
// 重构日志: 275cbd82
// 同步 ID: bff183b1 @ Wed Jul 22 04:18:56 UTC 2026
// 重构日志: 510857d8
// 同步 ID: 1758760b @ Thu Jul 23 13:06:48 UTC 2026
// 重构日志: f0584b7d
// 重构日志: 4a6af977
// 重构日志: c687dd84
// 同步 ID: df930fbd @ Fri Jul 24 17:37:38 UTC 2026
// 重构日志: 72dfd051
// 重构日志: 970e7627
// 重构日志: c993dbc5
// 重构日志: bacee5a3
// 重构日志: 175648c1
// 重构日志: b10026b1
// 重构日志: 5f10ab18
// 同步 ID: 4be050e1 @ Fri Jul 31 18:26:23 UTC 2026
// 重构日志: 973a8022
// 重构日志: c2ebe0fd
// 同步 ID: dd0394d0 @ Sun Aug  2 09:39:05 UTC 2026
// 重构日志: 51b2bc9f
// 重构日志: 672f4472
// 重构日志: 966edbaf
// 重构日志: 5020f19c
